
 Ansys Mechanical Enterprise Academic Student      


 *------------------------------------------------------------------*
 |                                                                  |
 |   W E L C O M E   T O   T H E   A N S Y S (R)  P R O G R A M     |
 |                                                                  |
 *------------------------------------------------------------------*




 ***************************************************************
 *         ANSYS MAPDL 2026 R1          LEGAL NOTICES          *
 ***************************************************************
 *                                                             *
 * Copyright (c) 2026 Synopsys, Inc. and ANSYS, Inc.           *
 * All rights reserved.                                        *
 * Unauthorized use, distribution or duplication is            *
 * prohibited.                                                 *
 *                                                             *
 * Ansys is a registered trademark of Ansys, Inc. or its       *
 * subsidiaries in the United States or other countries.       *
 * See the Ansys, Inc. online documentation or the Ansys, Inc. *
 * documentation CD or online help for the complete Legal      *
 * Notice.                                                     *
 *                                                             *
 ***************************************************************
 *                                                             *
 * THIS ANSYS SOFTWARE PRODUCT AND PROGRAM DOCUMENTATION       *
 * INCLUDE TRADE SECRETS AND CONFIDENTIAL AND PROPRIETARY      *
 * PRODUCTS OF ANSYS, INC., ITS SUBSIDIARIES, OR LICENSORS.    *
 * The software products and documentation are furnished by    *
 * Ansys, Inc. or its subsidiaries under a software license    *
 * agreement that contains provisions concerning               *
 * non-disclosure, copying, length and nature of use,          *
 * compliance with exporting laws, warranties, disclaimers,    *
 * limitations of liability, and remedies, and other           *
 * provisions.  The software products and documentation may be *
 * used, disclosed, transferred, or copied only in accordance  *
 * with the terms and conditions of that software license      *
 * agreement.                                                  *
 *                                                             *
 * Ansys, Inc. is a UL registered                              *
 * ISO 9001:2015 company.                                      *
 *                                                             *
 ***************************************************************
 *                                                             *
 * This product is subject to U.S. laws governing export and   *
 * re-export.                                                  *
 *                                                             *
 * For U.S. Government users, except as specifically granted   *
 * by the Ansys, Inc. software license agreement, the use,     *
 * duplication, or disclosure by the United States Government  *
 * is subject to restrictions stated in the Ansys, Inc.        *
 * software license agreement and FAR 12.212 (for non-DOD      *
 * licenses).                                                  *
 *                                                             *
 ***************************************************************

 2026 R1 
     
 Point Releases and Patches installed:   
     
 Ansys, Inc. License Manager 2026 R1 
 Discovery (full install) 2026 R1
 Core WB Files 2026 R1   
 optiSLang Core UI 2026 R1   
 CFX (includes CFD-Post) 2026 R1 
 Chemkin 2026 R1 
 EnSight 2026 R1 
 FENSAP-ICE 2026 R1  
 Fluent (includes CFD-Post) 2026 R1  
 Polyflow (includes CFD-Post) 2026 R1
 Forte (includes EnSight) 2026 R1
 Rocky 2026 R1   
 TurboGrid 2026 R1   
 ACIS Geometry Interface 2026 R1 
 AutoCAD Geometry Interface 2026 R1  
 Catia, Version 4 Geometry Interface 2026 R1 
 Catia, Version 5 Geometry Interface 2026 R1 
 Catia, Version 6 Geometry Interface 2026 R1 
 Creo Elements/Direct Modeling Geometry Interface 2026 R1
 Creo Parametric Geometry Interface 2026 R1  
 Inventor Geometry Interface 2026 R1 
 JTOpen Geometry Interface 2026 R1   
 NX Geometry Interface 2026 R1   
 Parasolid Geometry Interface  2026 R1   
 Solid Edge Geometry Interface 2026 R1   
 SOLIDWORKS Geometry Interface 2026 R1   
 Speos 2026 R1   
 SpaceClaim 2026 R1  
 Speos RPC 2026 R1   
 Zemax OpticStudio 2026 R1   
 Dynamic Reporting 2026 R1   
 Aqwa 2026 R1
 Autodyn 2026 R1 
 Material Calibration App 2026 R1
 Mechanical Products 2026 R1 
 Motion 2026 R1  
 Academic Student 2026 R1


          *****  MAPDL COMMAND LINE ARGUMENTS  *****
  BATCH MODE REQUESTED (-b)    = NOLIST
  INPUT FILE COPY MODE (-c)    = COPY
  DISTRIBUTED MEMORY PARALLEL REQUESTED
       4 PARALLEL PROCESSES REQUESTED WITH SINGLE THREAD PER PROCESS
    TOTAL OF     4 CORES REQUESTED
  INPUT FILE NAME              = C:\Users\aparr\Documents\ansys-digital-twin\_ProjectScratch\Scr9DE0\dummy.dat
  OUTPUT FILE NAME             = C:\Users\aparr\Documents\ansys-digital-twin\_ProjectScratch\Scr9DE0\solve.out
  START-UP FILE MODE           = NOREAD
  STOP FILE MODE               = NOREAD

 RELEASE= 2026 R1              BUILD= 26.1      UP20260202   VERSION=WINDOWS x64 
 CURRENT JOBNAME=file0  23:15:46  SEP 12, 2026  Elapsed Time=       0.078


 PARAMETER _DS_PROGRESS =     999.0000000    

 /INPUT FILE= ds.dat  LINE=       0



 *** NOTE ***                            ELAPSED TIME =       5.177   TIME= 23:15:46
 The /CONFIG,NOELDB command is not valid in a distributed memory         
 parallel solution.  Command is ignored.                                 

 *GET  _WALLSTRT  FROM  ACTI  ITEM=TIME WALL  VALUE= 0.144366194E-02

 TITLE= 
 AGARD_445_6--Modal (A5)                                                       

  ACT Extensions:
      LSDYNA, 2026.1
      5f463412-bd3e-484b-87e7-cbc0a665e474, wbex
      ANSYSMotion, 2026.1
      20180725-3f81-49eb-9f31-41364844c769, wbex

 SET PARAMETER DIMENSIONS ON  _WB_PROJECTSCRATCH_DIR
  TYPE=STRI  DIMENSIONS=      248        1        1

 PARAMETER _WB_PROJECTSCRATCH_DIR(1) = C:\Users\aparr\Documents\ansys-digital-twin\_ProjectScratch\Scr9DE0\

 SET PARAMETER DIMENSIONS ON  _WB_SOLVERFILES_DIR
  TYPE=STRI  DIMENSIONS=      248        1        1

 PARAMETER _WB_SOLVERFILES_DIR(1) = C:\Users\aparr\Documents\ansys-digital-twin\AGARD_445_6_files\dp0\SYS\MECH\

 SET PARAMETER DIMENSIONS ON  _WB_USERFILES_DIR
  TYPE=STRI  DIMENSIONS=      248        1        1

 PARAMETER _WB_USERFILES_DIR(1) = C:\Users\aparr\Documents\ansys-digital-twin\AGARD_445_6_files\user_files\
 --- Data in consistent MKS units. See Solving Units in the help system for more

 MKS UNITS SPECIFIED FOR INTERNAL    
  LENGTH        (l)  = METER (M)
  MASS          (M)  = KILOGRAM (KG)
  TIME          (t)  = SECOND (SEC)
  TEMPERATURE   (T)  = CELSIUS (C)
  TOFFSET            = 273.0
  CHARGE        (Q)  = COULOMB
  FORCE         (f)  = NEWTON (N) (KG-M/SEC2)
  HEAT               = JOULE (N-M)

  PRESSURE           = PASCAL (NEWTON/M**2)
  ENERGY        (W)  = JOULE (N-M)
  POWER         (P)  = WATT (N-M/SEC)
  CURRENT       (i)  = AMPERE (COULOMBS/SEC)
  CAPACITANCE   (C)  = FARAD
  INDUCTANCE    (L)  = HENRY
  MAGNETIC FLUX      = WEBER
  RESISTANCE    (R)  = OHM
  ELECTRIC POTENTIAL = VOLT

 INPUT  UNITS ARE ALSO SET TO MKS 

 *** MAPDL - ENGINEERING ANALYSIS SYSTEM  RELEASE 2026 R1          26.1     ***
 Ansys Mechanical Enterprise Academic Student      
 01055371  VERSION=WINDOWS x64   23:15:46  SEP 12, 2026 Elapsed Time=      5.202

 AGARD_445_6--Modal (A5)                                                       



          ***** MAPDL ANALYSIS DEFINITION (PREP7) *****
 *********** Send User Defined Coordinate System(s) ***********
 *********** Nodes for the whole assembly ***********
 *********** Elements for Body 1 'Surface Body' ***********
 *********** Set Reference Temperature ***********
 *********** Send Materials ***********
 *********** Send Sheet Properties ***********
 *********** Send Named Selection as Node Component ***********
 *********** Send Named Selection as Node Component ***********
 *********** Fixed Supports ***********


 ***** ROUTINE COMPLETED *****  ELAPSED TIME =         5.257


 --- Number of total nodes = 93
 --- Number of contact elements = 0
 --- Number of spring elements = 0
 --- Number of bearing elements = 0
 --- Number of solid elements = 75
 --- Number of condensed parts = 0
 --- Number of total elements = 75

 *GET  _WALLBSOL  FROM  ACTI  ITEM=TIME WALL  VALUE= 0.146106403E-02

 *****  MAPDL SOLUTION ROUTINE  *****


 PERFORM A MODAL ANALYSIS
  THIS WILL BE A NEW ANALYSIS

 PARAMETER _THICKRATIO =     0.000000000    

 THERMAL STRAINS ARE NOT INCLUDED IN THE LOAD VECTOR.


 USE SYM. BLOCK LANCZOS MODE EXTRACTION METHOD
  EXTRACT    20 MODES
  NORMALIZE THE MODE SHAPES TO THE MASS MATRIX

 ERASE THE CURRENT DATABASE OUTPUT CONTROL TABLE.


 WRITE ALL  ITEMS TO THE DATABASE WITH A FREQUENCY OF NONE
   FOR ALL APPLICABLE ENTITIES

 WRITE NSOL ITEMS TO THE DATABASE WITH A FREQUENCY OF ALL 
   FOR ALL APPLICABLE ENTITIES

 WRITE STRS ITEMS TO THE DATABASE WITH A FREQUENCY OF ALL 
   FOR ALL APPLICABLE ENTITIES


 EXPAND ALL EXTRACTED MODES
  CALCULATE ELEMENT RESULTS AND NODAL DOF SOLUTION
  CALCULATE STRESSES IN ANY DOWNSTREAM MODE SUPERPOSITION EXPANSION PASS

 DO NOT COMBINE ELEMENT SAVE DATA FILES (.esav) AFTER DISTRIBUTED PARALLEL SOLUTION

 DO NOT COMBINE ELEMENT MATRIX FILES (.emat) AFTER DISTRIBUTED PARALLEL SOLUTION

 DO NOT COMBINE ASSEMBLED MATRIX FILES (.full) AFTER DISTRIBUTED PARALLEL SOLUTION

 *GET  ANSINTER_  FROM  ACTI  ITEM=INT        VALUE=  0.00000000    

 *IF  ANSINTER_  ( =   0.00000     )  NE  
      0  ( =   0.00000     )  THEN    

 *ENDIF

 *** NOTE ***                            ELAPSED TIME =       5.279   TIME= 23:15:46
 The automatic domain decomposition logic has selected the MESH domain   
 decomposition method with 4 processes per solution.                     

 *****  MAPDL SOLVE    COMMAND  *****

 *** WARNING ***                         ELAPSED TIME =       5.297   TIME= 23:15:46
 Element shape checking is currently inactive.  Issue SHPP,ON or         
 SHPP,WARN to reactivate, if desired.                                    

 *** NOTE ***                            ELAPSED TIME =       5.312   TIME= 23:15:46
 The model data was checked and warning messages were found.             
  Please review output or errors file (                                  
 C:\Users\aparr\Documents\ansys-digital-twin\_ProjectScratch\Scr9DE0\fil 
 le0.err ) for these warning messages.                                   

 *** SELECTION OF ELEMENT TECHNOLOGIES FOR APPLICABLE ELEMENTS ***
      --- GIVE SUGGESTIONS AND RESET THE KEY OPTIONS ---

 ELEMENT TYPE         1 IS SHELL181. IT IS ASSOCIATED WITH ELASTOPLASTIC 
 MATERIALS ONLY. KEYOPT(8)=2 IS SUGGESTED AND KEYOPT(3)=2 IS SUGGESTED FOR
 HIGHER ACCURACY OF MEMBRANE STRESSES; OTHERWISE, KEYOPT(3)=0 IS SUGGESTED. 
 KEYOPT(8) HAS BEEN RESET BUT KEYOPT(3) CAN NOT BE RESET HERE. PLEASE RESET 
 IT MANUALLY IF NECESSARY.
  KEYOPT(1-12)=    0    0    2    0    0    0    0    2    0    0    0    0

 ELEMENT TYPE         1 HAS KEYOPT(3)=2. FOR THE SPECIFIED ANALYSIS TYPE, LUMPED MASS
 MATRIX OPTION (LUMPM, ON) IS SUGGESTED.



 *** MAPDL - ENGINEERING ANALYSIS SYSTEM  RELEASE 2026 R1          26.1     ***
 Ansys Mechanical Enterprise Academic Student      
 01055371  VERSION=WINDOWS x64   23:15:46  SEP 12, 2026 Elapsed Time=      5.319

 AGARD_445_6--Modal (A5)                                                       



                       S O L U T I O N   O P T I O N S

   PROBLEM DIMENSIONALITY. . . . . . . . . . . . .3-D                  
   DEGREES OF FREEDOM. . . . . . UX   UY   UZ   ROTX ROTY ROTZ
   ANALYSIS TYPE . . . . . . . . . . . . . . . . .MODAL                
      EXTRACTION METHOD. . . . . . . . . . . . . .BLOCK LANCZOS
   OFFSET TEMPERATURE FROM ABSOLUTE ZERO . . . . .  273.15    
   THERMAL EXPANSION . . . . . . . . . . . . . . .OFF
   NUMBER OF MODES TO EXTRACT. . . . . . . . . . .    20
   GLOBALLY ASSEMBLED MATRIX . . . . . . . . . . .SYMMETRIC  
   NUMBER OF MODES TO EXPAND . . . . . . . . . . .ALL
   ELEMENT RESULTS CALCULATION . . . . . . . . . .ON 

 *** NOTE ***                            ELAPSED TIME =       5.331   TIME= 23:15:46
 The conditions for direct assembly have been met.  No .emat or .erot    
 files will be produced.                                                 

  
  
     D I S T R I B U T E D   D O M A I N   D E C O M P O S E R
  
  ...Number of elements: 75
  ...Number of nodes:    93
  ...Decompose to 4 CPU domains
  ...Element load balance ratio =     1.111


                      L O A D   S T E P   O P T I O N S

   LOAD STEP NUMBER. . . . . . . . . . . . . . . .     1
   THERMAL STRAINS INCLUDED IN THE LOAD VECTOR . .    NO
   PRINT OUTPUT CONTROLS . . . . . . . . . . . . .NO PRINTOUT
   DATABASE OUTPUT CONTROLS
      ITEM     FREQUENCY   COMPONENT
       ALL       NONE               
      NSOL        ALL               
      STRS        ALL               



                         ***********  PRECISE MASS SUMMARY  ***********

   TOTAL RIGID BODY MASS MATRIX ABOUT ORIGIN
               Translational mass               |   Coupled translational/rotational mass
         9.8186        0.0000        0.0000     |     0.0000        0.0000       -3.4845    
         0.0000        9.8186        0.0000     |     0.0000        0.0000        5.7920    
         0.0000        0.0000        9.8186     |     3.4845       -5.7920        0.0000    
     ------------------------------------------ | ------------------------------------------
                                                |         Rotational mass (inertia)
                                                |     1.7051       -2.4653        0.0000    
                                                |    -2.4653        3.9586        0.0000    
                                                |     0.0000        0.0000        5.6635    

   TOTAL MASS =  9.8186    
     The mass principal axes coincide with the global Cartesian axes

   CENTER OF MASS (X,Y,Z)=   0.58990       0.35489        0.0000    

   TOTAL INERTIA ABOUT CENTER OF MASS
        0.46848      -0.40982        0.0000    
       -0.40982       0.54186        0.0000    
         0.0000        0.0000        1.0102    

   PRINCIPAL INERTIAS =   0.93711E-01   0.91662        1.0102    
   ORIENTATION VECTORS OF THE INERTIA PRINCIPAL AXES IN GLOBAL CARTESIAN
     ( 0.738, 0.675, 0.000) (-0.675, 0.738, 0.000) ( 0.000, 0.000, 1.000) 


  *** MASS SUMMARY BY ELEMENT TYPE ***

  TYPE      MASS
     1   9.81860    

 Range of element maximum matrix coefficients in global coordinates
 Maximum = 1.713141296E+09 at element 27.                                
 Minimum = 367634501 at element 25.                                      

   *** ELEMENT MATRIX FORMULATION TIMES
     TYPE    NUMBER     ENAME   TOTAL ELAPSED   AVG ELAPSED

        1        75  SHELL181          0.1546   0.002061144
 Elapsed Time at end of element matrix formulation = 5.5516993.          

  BLOCK LANCZOS CALCULATION OF UP TO    20 EIGENVECTORS.
  NUMBER OF EQUATIONS              =          504
  MAXIMUM WAVEFRONT                =           24
  MAXIMUM MODES STORED             =           20
  MINIMUM EIGENVALUE               =  0.00000E+00
  MAXIMUM EIGENVALUE               =  0.10000E+31



  Memory allocated on only this MPI rank (rank     0)
  -------------------------------------------------------------------
  Equation solver memory allocated                     =     0.344 MB
  Equation solver memory required for in-core mode     =     0.329 MB
  Equation solver memory required for out-of-core mode =     0.329 MB
  Total (solver and non-solver) memory allocated       =   371.235 MB


  Total memory summed across all MPI ranks on this machines
  -------------------------------------------------------------------
  Equation solver memory allocated                     =     1.329 MB
  Equation solver memory required for in-core mode     =     1.268 MB
  Equation solver memory required for out-of-core mode =     1.268 MB
  Total (solver and non-solver) memory allocated       =   679.266 MB

 *** NOTE ***                            ELAPSED TIME =       5.770   TIME= 23:15:47
 The Distributed Sparse Matrix Solver used by the Block Lanczos          
 eigensolver is currently running in the in-core memory mode.  This      
 memory mode uses the most amount of memory in order to avoid using the  
 hard drive as much as possible, which most often results in the         
 fastest solution time.  This mode is recommended if enough physical     
 memory is present to accommodate all of the solver data.                

  Process memory required for in-core LANCZOS Workspace             =     1.105606 MB
  Process memory required for out-of-core LANCZOS Workspace         =     509.453125 KB

  Total   memory required for in-core LANCZOS Workspace             =     3.868713 MB
  Total   memory required for out-of-core LANCZOS Workspace         =     1.976868 MB

  Lanczos Memory Mode : INCORE


  >> Shift # 1 :  | | |                              : 20 Eigenvalues Converged


 *** MAPDL - ENGINEERING ANALYSIS SYSTEM  RELEASE 2026 R1          26.1     ***
 Ansys Mechanical Enterprise Academic Student      
 01055371  VERSION=WINDOWS x64   23:15:47  SEP 12, 2026 Elapsed Time=      6.024

 AGARD_445_6--Modal (A5)                                                       



 *** FREQUENCIES FROM BLOCK LANCZOS ITERATION ***

  MODE    FREQUENCY (HERTZ)      


    1     11.08237363681    
    2     50.93454024691    
    3     78.99103654941    
    4     133.9044605225    
    5     225.1654086710    
    6     247.9429883103    
    7     368.1784209846    
    8     376.6855453292    
    9     436.4567826958    
   10     532.8799054922    
   11     549.6270121197    
   12     696.1417976956    
   13     713.1975549129    
   14     761.6158994358    
   15     964.1686707786    
   16     977.9312048773    
   17     1077.264659150    
   18     1261.466407620    
   19     1262.911365685    
   20     1316.977204139    

   *** ELEMENT RESULT CALCULATION TIMES
     TYPE    NUMBER     ENAME   TOTAL ELAPSED   AVG ELAPSED

        1        75  SHELL181          0.0763   0.001017781

   *** NODAL LOAD CALCULATION TIMES
     TYPE    NUMBER     ENAME   TOTAL ELAPSED   AVG ELAPSED

        1        75  SHELL181          0.0067   0.000089405

 *** MAPDL - ENGINEERING ANALYSIS SYSTEM  RELEASE 2026 R1          26.1     ***
 Ansys Mechanical Enterprise Academic Student      
 01055371  VERSION=WINDOWS x64   23:15:47  SEP 12, 2026 Elapsed Time=      6.366

 AGARD_445_6--Modal (A5)                                                       





          ***** PARTICIPATION FACTOR CALCULATION *****  X  DIRECTION
                                                                                  CUMULATIVE     RATIO EFF.MASS
  MODE   FREQUENCY       PERIOD      PARTIC.FACTOR     RATIO    EFFECTIVE MASS   MASS FRACTION   TO TOTAL MASS
     1     11.0824       0.90233E-01    0.0000        0.000000     0.00000         0.00000         0.00000    
     2     50.9345       0.19633E-01    0.0000        0.000000     0.00000         0.00000         0.00000    
     3     78.9910       0.12660E-01    0.0000        0.000000     0.00000         0.00000         0.00000    
     4     133.904       0.74680E-02    0.0000        0.000000     0.00000         0.00000         0.00000    
     5     225.165       0.44412E-02    0.0000        0.000000     0.00000         0.00000         0.00000    
     6     247.943       0.40332E-02    0.0000        0.000000     0.00000         0.00000         0.00000    
     7     368.178       0.27161E-02   -1.7924        0.875979     3.21276        0.434178        0.327211    
     8     376.686       0.26547E-02    0.0000        0.000000     0.00000        0.434178         0.00000    
     9     436.457       0.22912E-02    0.0000        0.000000     0.00000        0.434178         0.00000    
    10     532.880       0.18766E-02    0.0000        0.000000     0.00000        0.434178         0.00000    
    11     549.627       0.18194E-02    0.0000        0.000000     0.00000        0.434178         0.00000    
    12     696.142       0.14365E-02    0.0000        0.000000     0.00000        0.434178         0.00000    
    13     713.198       0.14021E-02    0.0000        0.000000     0.00000        0.434178         0.00000    
    14     761.616       0.13130E-02    0.0000        0.000000     0.00000        0.434178         0.00000    
    15     964.169       0.10372E-02    0.0000        0.000000     0.00000        0.434178         0.00000    
    16     977.931       0.10226E-02    0.0000        0.000000     0.00000        0.434178         0.00000    
    17     1077.26       0.92828E-03    0.0000        0.000000     0.00000        0.434178         0.00000    
    18     1261.47       0.79273E-03    0.0000        0.000000     0.00000        0.434178         0.00000    
    19     1262.91       0.79182E-03    2.0462        1.000000     4.18688         1.00000        0.426423    
    20     1316.98       0.75931E-03    0.0000        0.000000     0.00000         1.00000         0.00000    
 -----------------------------------------------------------------------------------------------------------------
   sum                                                             7.39964                        0.753635    
 -----------------------------------------------------------------------------------------------------------------



          ***** PARTICIPATION FACTOR CALCULATION *****  Y  DIRECTION
                                                                                  CUMULATIVE     RATIO EFF.MASS
  MODE   FREQUENCY       PERIOD      PARTIC.FACTOR     RATIO    EFFECTIVE MASS   MASS FRACTION   TO TOTAL MASS
     1     11.0824       0.90233E-01    0.0000        0.000000     0.00000         0.00000         0.00000    
     2     50.9345       0.19633E-01    0.0000        0.000000     0.00000         0.00000         0.00000    
     3     78.9910       0.12660E-01    0.0000        0.000000     0.00000         0.00000         0.00000    
     4     133.904       0.74680E-02    0.0000        0.000000     0.00000         0.00000         0.00000    
     5     225.165       0.44412E-02    0.0000        0.000000     0.00000         0.00000         0.00000    
     6     247.943       0.40332E-02    0.0000        0.000000     0.00000         0.00000         0.00000    
     7     368.178       0.27161E-02    1.3443        1.000000     1.80708        0.760289        0.184047    
     8     376.686       0.26547E-02    0.0000        0.000000     0.00000        0.760289         0.00000    
     9     436.457       0.22912E-02    0.0000        0.000000     0.00000        0.760289         0.00000    
    10     532.880       0.18766E-02    0.0000        0.000000     0.00000        0.760289         0.00000    
    11     549.627       0.18194E-02    0.0000        0.000000     0.00000        0.760289         0.00000    
    12     696.142       0.14365E-02    0.0000        0.000000     0.00000        0.760289         0.00000    
    13     713.198       0.14021E-02    0.0000        0.000000     0.00000        0.760289         0.00000    
    14     761.616       0.13130E-02    0.0000        0.000000     0.00000        0.760289         0.00000    
    15     964.169       0.10372E-02    0.0000        0.000000     0.00000        0.760289         0.00000    
    16     977.931       0.10226E-02    0.0000        0.000000     0.00000        0.760289         0.00000    
    17     1077.26       0.92828E-03    0.0000        0.000000     0.00000        0.760289         0.00000    
    18     1261.47       0.79273E-03    0.0000        0.000000     0.00000        0.760289         0.00000    
    19     1262.91       0.79182E-03   0.75482        0.561506    0.569755         1.00000        0.580281E-01
    20     1316.98       0.75931E-03    0.0000        0.000000     0.00000         1.00000         0.00000    
 -----------------------------------------------------------------------------------------------------------------
   sum                                                             2.37684                        0.242075    
 -----------------------------------------------------------------------------------------------------------------



          ***** PARTICIPATION FACTOR CALCULATION *****  Z  DIRECTION
                                                                                  CUMULATIVE     RATIO EFF.MASS
  MODE   FREQUENCY       PERIOD      PARTIC.FACTOR     RATIO    EFFECTIVE MASS   MASS FRACTION   TO TOTAL MASS
     1     11.0824       0.90233E-01    2.2481        1.000000     5.05392        0.564740        0.514729    
     2     50.9345       0.19633E-01    1.1593        0.515689     1.34401        0.714924        0.136884    
     3     78.9910       0.12660E-01  -0.74942        0.333357    0.561625        0.777682        0.572001E-01
     4     133.904       0.74680E-02  -0.83767        0.372615    0.701698        0.856092        0.714662E-01
     5     225.165       0.44412E-02   0.16011        0.071221    0.256357E-01    0.858957        0.261093E-02
     6     247.943       0.40332E-02   0.69561        0.309421    0.483868        0.913026        0.492808E-01
     7     368.178       0.27161E-02    0.0000        0.000000     0.00000        0.913026         0.00000    
     8     376.686       0.26547E-02  -0.26474        0.117763    0.700886E-01    0.920857        0.713835E-02
     9     436.457       0.22912E-02  -0.48458        0.215553    0.234821        0.947097        0.239159E-01
    10     532.880       0.18766E-02   0.13415E-01    0.005967    0.179970E-03    0.947117        0.183294E-04
    11     549.627       0.18194E-02   0.28992        0.128961    0.840519E-01    0.956509        0.856048E-02
    12     696.142       0.14365E-02   0.28361        0.126155    0.804342E-01    0.965497        0.819202E-02
    13     713.198       0.14021E-02   0.28917        0.128629    0.836196E-01    0.974841        0.851645E-02
    14     761.616       0.13130E-02  -0.15717        0.069913    0.247030E-01    0.977602        0.251594E-02
    15     964.169       0.10372E-02  -0.20816        0.092592    0.433289E-01    0.982443        0.441294E-02
    16     977.931       0.10226E-02  -0.22358        0.099454    0.499883E-01    0.988029        0.509119E-02
    17     1077.26       0.92828E-03  -0.23814        0.105928    0.567085E-01    0.994366        0.577562E-02
    18     1261.47       0.79273E-03   0.21891        0.097377    0.479225E-01    0.999721        0.488079E-02
    19     1262.91       0.79182E-03    0.0000        0.000000     0.00000        0.999721         0.00000    
    20     1316.98       0.75931E-03  -0.49965E-01    0.022226    0.249652E-02     1.00000        0.254265E-03
 -----------------------------------------------------------------------------------------------------------------
   sum                                                             8.94910                        0.911444    
 -----------------------------------------------------------------------------------------------------------------



          ***** PARTICIPATION FACTOR CALCULATION *****ROTX DIRECTION
                                                                                  CUMULATIVE     RATIO EFF.MASS
  MODE   FREQUENCY       PERIOD      PARTIC.FACTOR     RATIO    EFFECTIVE MASS   MASS FRACTION   TO TOTAL MASS
     1     11.0824       0.90233E-01    1.2492        1.000000     1.56046        0.915506        0.915181    
     2     50.9345       0.19633E-01   0.33317        0.266707    0.111000        0.980629        0.650994E-01
     3     78.9910       0.12660E-01  -0.70454E-01    0.056400    0.496383E-02    0.983541        0.291119E-02
     4     133.904       0.74680E-02  -0.13613        0.108972    0.185303E-01    0.994412        0.108676E-01
     5     225.165       0.44412E-02  -0.12236E-02    0.000980    0.149718E-05    0.994413        0.878070E-06
     6     247.943       0.40332E-02   0.75432E-01    0.060385    0.569000E-02    0.997752        0.333708E-02
     7     368.178       0.27161E-02    0.0000        0.000000     0.00000        0.997752         0.00000    
     8     376.686       0.26547E-02  -0.29713E-01    0.023786    0.882863E-03    0.998270        0.517783E-03
     9     436.457       0.22912E-02  -0.33916E-01    0.027151    0.115032E-02    0.998944        0.674640E-03
    10     532.880       0.18766E-02  -0.23952E-03    0.000192    0.573697E-07    0.998945        0.336463E-07
    11     549.627       0.18194E-02   0.23293E-01    0.018647    0.542561E-03    0.999263        0.318202E-03
    12     696.142       0.14365E-02   0.15107E-01    0.012093    0.228211E-03    0.999397        0.133842E-03
    13     713.198       0.14021E-02   0.19551E-01    0.015651    0.382236E-03    0.999621        0.224174E-03
    14     761.616       0.13130E-02  -0.97633E-02    0.007816    0.953212E-04    0.999677        0.559041E-04
    15     964.169       0.10372E-02  -0.13010E-01    0.010415    0.169262E-03    0.999776        0.992687E-04
    16     977.931       0.10226E-02  -0.10856E-01    0.008690    0.117853E-03    0.999845        0.691188E-04
    17     1077.26       0.92828E-03  -0.11627E-01    0.009308    0.135184E-03    0.999925        0.792828E-04
    18     1261.47       0.79273E-03   0.10719E-01    0.008581    0.114895E-03    0.999992        0.673838E-04
    19     1262.91       0.79182E-03    0.0000        0.000000     0.00000        0.999992         0.00000    
    20     1316.98       0.75931E-03  -0.36809E-02    0.002947    0.135487E-04     1.00000        0.794604E-05
 -----------------------------------------------------------------------------------------------------------------
   sum                                                             1.70448                        0.999645    
 -----------------------------------------------------------------------------------------------------------------



          ***** PARTICIPATION FACTOR CALCULATION *****ROTY DIRECTION
                                                                                  CUMULATIVE     RATIO EFF.MASS
  MODE   FREQUENCY       PERIOD      PARTIC.FACTOR     RATIO    EFFECTIVE MASS   MASS FRACTION   TO TOTAL MASS
     1     11.0824       0.90233E-01   -1.7776        1.000000     3.15995        0.819817        0.798252    
     2     50.9345       0.19633E-01  -0.39403        0.221660    0.155259        0.860097        0.392207E-01
     3     78.9910       0.12660E-01   0.51494        0.289678    0.265162        0.928891        0.669839E-01
     4     133.904       0.74680E-02   0.27626        0.155412    0.763215E-01    0.948692        0.192800E-01
     5     225.165       0.44412E-02  -0.17954        0.101000    0.322349E-01    0.957055        0.814304E-02
     6     247.943       0.40332E-02  -0.23929        0.134611    0.572589E-01    0.971910        0.144645E-01
     7     368.178       0.27161E-02    0.0000        0.000000     0.00000        0.971910         0.00000    
     8     376.686       0.26547E-02   0.11260E-01    0.006334    0.126780E-03    0.971943        0.320266E-04
     9     436.457       0.22912E-02   0.22192        0.124843    0.492503E-01    0.984720        0.124414E-01
    10     532.880       0.18766E-02  -0.34067E-01    0.019164    0.116055E-02    0.985022        0.293172E-03
    11     549.627       0.18194E-02  -0.51037E-01    0.028711    0.260479E-02    0.985697        0.658009E-03
    12     696.142       0.14365E-02  -0.15293        0.086030    0.233872E-01    0.991765        0.590797E-02
    13     713.198       0.14021E-02  -0.69935E-01    0.039342    0.489093E-02    0.993034        0.123552E-02
    14     761.616       0.13130E-02   0.35027E-01    0.019704    0.122686E-02    0.993352        0.309924E-03
    15     964.169       0.10372E-02   0.25226E-01    0.014191    0.636361E-03    0.993517        0.160754E-03
    16     977.931       0.10226E-02   0.11019        0.061988    0.121420E-01    0.996667        0.306726E-02
    17     1077.26       0.92828E-03   0.92834E-01    0.052223    0.861809E-02    0.998903        0.217706E-02
    18     1261.47       0.79273E-03  -0.57080E-01    0.032110    0.325809E-02    0.999749        0.823043E-03
    19     1262.91       0.79182E-03    0.0000        0.000000     0.00000        0.999749         0.00000    
    20     1316.98       0.75931E-03  -0.31133E-01    0.017514    0.969274E-03     1.00000        0.244853E-03
 -----------------------------------------------------------------------------------------------------------------
   sum                                                             3.85446                        0.973695    
 -----------------------------------------------------------------------------------------------------------------



          ***** PARTICIPATION FACTOR CALCULATION *****ROTZ DIRECTION
                                                                                  CUMULATIVE     RATIO EFF.MASS
  MODE   FREQUENCY       PERIOD      PARTIC.FACTOR     RATIO    EFFECTIVE MASS   MASS FRACTION   TO TOTAL MASS
     1     11.0824       0.90233E-01    0.0000        0.000000     0.00000         0.00000         0.00000    
     2     50.9345       0.19633E-01    0.0000        0.000000     0.00000         0.00000         0.00000    
     3     78.9910       0.12660E-01    0.0000        0.000000     0.00000         0.00000         0.00000    
     4     133.904       0.74680E-02    0.0000        0.000000     0.00000         0.00000         0.00000    
     5     225.165       0.44412E-02    0.0000        0.000000     0.00000         0.00000         0.00000    
     6     247.943       0.40332E-02    0.0000        0.000000     0.00000         0.00000         0.00000    
     7     368.178       0.27161E-02    2.0967        1.000000     4.39612        0.999996        0.776217    
     8     376.686       0.26547E-02    0.0000        0.000000     0.00000        0.999996         0.00000    
     9     436.457       0.22912E-02    0.0000        0.000000     0.00000        0.999996         0.00000    
    10     532.880       0.18766E-02    0.0000        0.000000     0.00000        0.999996         0.00000    
    11     549.627       0.18194E-02    0.0000        0.000000     0.00000        0.999996         0.00000    
    12     696.142       0.14365E-02    0.0000        0.000000     0.00000        0.999996         0.00000    
    13     713.198       0.14021E-02    0.0000        0.000000     0.00000        0.999996         0.00000    
    14     761.616       0.13130E-02    0.0000        0.000000     0.00000        0.999996         0.00000    
    15     964.169       0.10372E-02    0.0000        0.000000     0.00000        0.999996         0.00000    
    16     977.931       0.10226E-02    0.0000        0.000000     0.00000        0.999996         0.00000    
    17     1077.26       0.92828E-03    0.0000        0.000000     0.00000        0.999996         0.00000    
    18     1261.47       0.79273E-03    0.0000        0.000000     0.00000        0.999996         0.00000    
    19     1262.91       0.79182E-03  -0.42696E-02    0.002036    0.182293E-04     1.00000        0.321873E-05
    20     1316.98       0.75931E-03    0.0000        0.000000     0.00000         1.00000         0.00000    
 -----------------------------------------------------------------------------------------------------------------
   sum                                                             4.39613                        0.776221    
 -----------------------------------------------------------------------------------------------------------------





 *** NOTE ***                            ELAPSED TIME =       6.368   TIME= 23:15:47
 The modes requested are mass normalized (Nrmkey on MODOPT).  However,   
 the modal masses and kinetic energies below are calculated with unit    
 normalized modes.                                                       

        ***** MODAL MASSES, KINETIC ENERGIES, AND TRANSLATIONAL EFFECTIVE MASSES SUMMARY *****

                                                                         EFFECTIVE MASS
  MODE  FREQUENCY   MODAL MASS     KENE      |      X-DIR      RATIO%   Y-DIR      RATIO%   Z-DIR      RATIO% 
     1   11.08       1.166       2827.       |     0.000        0.00   0.000        0.00   5.054       51.47
     2   50.93      0.5659E-01   2898.       |     0.000        0.00   0.000        0.00   1.344       13.69
     3   78.99      0.3091E-01   3807.       |     0.000        0.00   0.000        0.00  0.5616        5.72
     4   133.9      0.2425E-01   8582.       |     0.000        0.00   0.000        0.00  0.7017        7.15
     5   225.2      0.1073E-01  0.1074E+05   |     0.000        0.00   0.000        0.00  0.2564E-01    0.26
     6   247.9      0.1050E-01  0.1274E+05   |     0.000        0.00   0.000        0.00  0.4839        4.93
     7   368.2      0.9419      0.2520E+07   |     3.213       32.72   1.807       18.40   0.000        0.00
     8   376.7      0.6416E-02  0.1797E+05   |     0.000        0.00   0.000        0.00  0.7009E-01    0.71
     9   436.5      0.6611E-02  0.2486E+05   |     0.000        0.00   0.000        0.00  0.2348        2.39
    10   532.9      0.6163E-02  0.3454E+05   |     0.000        0.00   0.000        0.00  0.1800E-03    0.00
    11   549.6      0.3617E-02  0.2157E+05   |     0.000        0.00   0.000        0.00  0.8405E-01    0.86
    12   696.1      0.2869E-02  0.2744E+05   |     0.000        0.00   0.000        0.00  0.8043E-01    0.82
    13   713.2      0.4038E-02  0.4055E+05   |     0.000        0.00   0.000        0.00  0.8362E-01    0.85
    14   761.6      0.1973E-02  0.2259E+05   |     0.000        0.00   0.000        0.00  0.2470E-01    0.25
    15   964.2      0.2156E-02  0.3956E+05   |     0.000        0.00   0.000        0.00  0.4333E-01    0.44
    16   977.9      0.1685E-02  0.3181E+05   |     0.000        0.00   0.000        0.00  0.4999E-01    0.51
    17   1077.      0.1027E-02  0.2354E+05   |     0.000        0.00   0.000        0.00  0.5671E-01    0.58
    18   1261.      0.1380E-02  0.4335E+05   |     0.000        0.00   0.000        0.00  0.4792E-01    0.49
    19   1263.      0.1638      0.5158E+07   |     4.187       42.64  0.5698        5.80   0.000        0.00
    20   1317.      0.1012E-02  0.3466E+05   |     0.000        0.00   0.000        0.00  0.2497E-02    0.03
 --------------------------------------------------------------------------------------------------------------
   sum                                       |     7.400       75.36   2.377       24.21   8.949       91.14
 --------------------------------------------------------------------------------------------------------------


 *** MAPDL BINARY FILE STATISTICS
  BUFFER SIZE USED= 16384
        0.062 MB WRITTEN ON ASSEMBLED MATRIX FILE: file0.full
        0.062 MB WRITTEN ON MODAL MATRIX FILE: file0.mode
        0.500 MB WRITTEN ON RESULTS FILE: file0.rst
 *************** Write FE CONNECTORS *********

 WRITE OUT CONSTRAINT EQUATIONS TO FILE= file.ce                                                                                                                                                                                                                                                             

 *GET  _NMODALSOLPROC  FROM  ACTI  ITEM=NUMC       VALUE=  4.00000000    

 FINISH SOLUTION PROCESSING


 ***** ROUTINE COMPLETED *****  ELAPSED TIME =         6.500



 PRINTOUT RESUMED BY /GOP

 *GET  _WALLASOL  FROM  ACTI  ITEM=TIME WALL  VALUE= 0.180573433E-02

 *** MAPDL - ENGINEERING ANALYSIS SYSTEM  RELEASE 2026 R1          26.1     ***
 Ansys Mechanical Enterprise Academic Student      
 01055371  VERSION=WINDOWS x64   23:15:48  SEP 12, 2026 Elapsed Time=      6.508

 AGARD_445_6--Modal (A5)                                                       



          ***** MAPDL RESULTS INTERPRETATION (POST1) *****

 *** NOTE ***                            ELAPSED TIME =       6.509   TIME= 23:15:48
 Reading results into the database (SET command) will update the current 
 displacement and force boundary conditions in the database with the     
 values from the results file for that load set.  Note that any          
 subsequent solutions will use these values unless action is taken to    
 either SAVE the current values or not overwrite them (/EXIT,NOSAVE).    

 PRINTOUT RESUMED BY /GOP
 You have already entered the general postprocessor (POST1).             

 OPENED FILE= modal_data_with_stress.csv FOR COMMAND FILE DATA 


 *GET  NUM_MODES  FROM  ACTI  ITEM=SET  NSET  VALUE=  20.0000000    

 *DO LOOP ON PARAMETER= I FROM  1.0000     TO  20.000     BY  1.0000    


 USE LOAD STEP     1  SUBSTEP     1  FOR LOAD CASE 0 

 SET COMMAND GOT LOAD STEP=     1  SUBSTEP=     1  CUMULATIVE ITERATION=     1
   TIME/FREQUENCY=  11.082    
 TITLE= AGARD_445_6--Modal (A5)                                                 

 *GET  FREQ      FROM  ACTI  ITEM=SET  FREQ  VALUE=  11.0823736    

 SELECT      COMPONENT FORCE_INPUT                                                                                                                                                                                                                                                     

 *GET  NODE_IN   FROM  NODE  ITEM=NUM  MIN   VALUE=  81.0000000     

 *GET  UZ_IN     FROM  NODE     81  ITEM=U    Z     VALUE= 0.595677653    

 SELECT      COMPONENT SENSOR_1                                                                                                                                                                                                                                                        

 *GET  NODE_S1   FROM  NODE  ITEM=NUM  MIN   VALUE=  76.0000000     

 *GET  UZ_S1     FROM  NODE     76  ITEM=U    Z     VALUE=-0.144201712E-03

 SELECT      COMPONENT SENSOR_2                                                                                                                                                                                                                                                        

 *GET  NODE_S2   FROM  NODE  ITEM=NUM  MIN   VALUE=  13.0000000     

 *GET  UZ_S2     FROM  NODE     13  ITEM=U    Z     VALUE= 0.388952150E-02

 SELECT      COMPONENT SENSOR_3                                                                                                                                                                                                                                                        

 *GET  NODE_S3   FROM  NODE  ITEM=NUM  MIN   VALUE=  82.0000000     

 *GET  UZ_S3     FROM  NODE     82  ITEM=U    Z     VALUE= 0.110268436E-01

 SELECT      COMPONENT ROOT_STRESS_NODE                                                                                                                                                                                                                                                

 *GET  NODE_ROOT  FROM  NODE  ITEM=NUM  MIN   VALUE=  51.0000000     

 *GET  SEQV_ROOT  FROM  NODE     51  ITEM=S    EQV   VALUE= 0.207120754E+10

 SELECT ALL ENTITIES OF TYPE= ALL  AND BELOW

 *ENDDO  INDEX= I                               

  COMMAND FILE CLOSED 


 Set Encoding of XML File to:ISO-8859-1

 Set Output of XML File to:
     PARM,     ,     ,     ,     ,     ,     ,     ,     ,     ,     ,     ,
         ,     ,     ,     ,     ,     ,     ,

 DATABASE WRITTEN ON FILE  parm.xml                                                                                                                                                                                                                                                            

 EXIT THE MAPDL POST1 DATABASE PROCESSOR


 ***** ROUTINE COMPLETED *****  ELAPSED TIME =         6.731



 PRINTOUT RESUMED BY /GOP

 *GET  _WALLDONE  FROM  ACTI  ITEM=TIME WALL  VALUE= 0.186992439E-02

 PARAMETER _PREPTIME =    0.6264750000E-01

 PARAMETER _SOLVTIME =     1.240813100    

 PARAMETER _POSTTIME =    0.2310842000    

 PARAMETER _TOTALTIM =     1.534544800    

 *GET  _DLBRATIO  FROM  ACTI  ITEM=SOLU DLBR  VALUE=  1.11111111    

 *GET  _COMBTIME  FROM  ACTI  ITEM=SOLU COMB  VALUE= 0.534458000E-01

 *GET  _SSMODE   FROM  ACTI  ITEM=SOLU SSMM  VALUE=  2.00000000    

 *GET  _NDOFS    FROM  ACTI  ITEM=SOLU NDOF  VALUE=  504.000000    

 /FCLEAN COMMAND REMOVING ALL LOCAL FILES
 --- Total number of nodes = 93
 --- Total number of elements = 75
 --- Element load balance ratio = 1.11111111
 --- Time to combine distributed files = 5.34458E-02
 --- Sparse memory mode = 2
 --- Number of DOF = 504

 EXIT MAPDL WITHOUT SAVING DATABASE


 NUMBER OF WARNING MESSAGES ENCOUNTERED=          1
 NUMBER OF ERROR   MESSAGES ENCOUNTERED=          0

+--------------------- M A P D L   S T A T I S T I C S ------------------------+

Release: 2026 R1            Build: 26.1       Update: UP20260202   Platform: WINDOWS x64 
Date Run: 09/12/2026   Time: 23:15     Process ID: 14540
Operating System: Windows 11  (Build: 26200)

Processor Model: AMD Ryzen 5 7520U with Radeon Graphics

Compiler: Intel(R) Fortran Compiler Classic Version 2021.9  (Build: 20230302)
          Intel(R) C/C++ Compiler Classic Version 2021.9  (Build: 20230302)
          AOCL-BLAS 5.1.1 Build 20251008
          Intel(R) oneAPI Math Kernel Library Version 2024.2.3-Product Build 20250403

Number of machines requested            :    1
Total number of cores available         :    8
Number of physical cores available      :    4
Number of processes requested           :    4
Number of threads per process requested :    1
Total number of cores requested         :    4 (Distributed Memory Parallel)               
MPI Type: INTELMPI
MPI Version: Intel(R) MPI Library 2021.16 for Windows* OS


GPU Acceleration: Not Requested

Job Name: file0
Input File: dummy.dat

  Core                Machine Name   Working Directory
 -----------------------------------------------------
     0                       Santi   C:\Users\aparr\Documents\ansys-digital-twin\_ProjectScratch\Scr9DE0
     1                       Santi   C:\Users\aparr\Documents\ansys-digital-twin\_ProjectScratch\Scr9DE0
     2                       Santi   C:\Users\aparr\Documents\ansys-digital-twin\_ProjectScratch\Scr9DE0
     3                       Santi   C:\Users\aparr\Documents\ansys-digital-twin\_ProjectScratch\Scr9DE0
 
Latency time from master to core     1 =    4.003 microseconds
Latency time from master to core     2 =    4.280 microseconds
Latency time from master to core     3 =    3.822 microseconds
 
Communication speed from master to core     1 =  2566.24 MB/sec
Communication speed from master to core     2 =  2786.51 MB/sec
Communication speed from master to core     3 =  2692.46 MB/sec

Total CPU time for main thread                    :        1.8 seconds
Total CPU time summed for all threads             :        2.9 seconds

Elapsed time spent obtaining a license            :        0.5 seconds
Elapsed time spent pre-processing model (/PREP7)  :        0.1 seconds
Elapsed time spent solution - preprocessing       :        0.1 seconds
Elapsed time spent computing solution             :        0.9 seconds
   Elapsed time in element formation & assembly   :        0.1 seconds
   Elapsed time in equation solver                :        0.5 seconds
   Elapsed time in element result calculations    :        0.3 seconds
Elapsed time spent solution - postprocessing      :        0.1 seconds
Elapsed time spent post-processing model (/POST1) :        0.2 seconds
 
Eigensolver used                                  :            Block Lanczos
Sparse direct equation solver effective I/O rate  :        0.0 GB/sec

Sum of disk space used on all processes           :        2.9 MB

Sum of memory used on all processes               :      196.0 MB
Sum of memory allocated on all processes          :     2880.0 MB
Physical memory available                         :          7 GB
Total amount of I/O written to disk               :        0.0 GB
Total amount of I/O read from disk                :        0.0 GB

+------------------ E N D   M A P D L   S T A T I S T I C S -------------------+


 *-----------------------------------------------------------------------------*
 |                                                                             |
 |                               RUN COMPLETED                                 |
 |                                                                             |
 |-----------------------------------------------------------------------------|
 |                                                                             |
 |  Ansys MAPDL 2026 R1         Build 26.1         UP20260202    WINDOWS x64   |
 |                                                                             |
 |-----------------------------------------------------------------------------|
 |                                                                             |
 |  Database Requested(-db)     1024 MB     Scratch Memory Requested   1024 MB |
 |  Max Database Used(Master)      1 MB     Max Scratch Used(Master)     48 MB |
 |  Max Database Used(Workers)     1 MB     Max Scratch Used(Workers)    48 MB |
 |  Sum Database Used(All)         4 MB     Sum Scratch Used(All)       192 MB |
 |                                                                             |
 |-----------------------------------------------------------------------------|
 |                                                                             |
 |        CP Time      (sec) =          2.922       Time  =  23:15:58          |
 |        Elapsed Time (sec) =         17.159       Date  =  09/12/2026        |
 |                                                                             |
 *-----------------------------------------------------------------------------*
