
 Ansys Mechanical Enterprise Academic Student      


 *------------------------------------------------------------------*
 |                                                                  |
 |   W E L C O M E   T O   T H E   A N S Y S (R)  P R O G R A M     |
 |                                                                  |
 *------------------------------------------------------------------*




 ***************************************************************
 *         ANSYS MAPDL 2026 R1          LEGAL NOTICES          *
 ***************************************************************
 *                                                             *
 * Copyright (c) 2026 Synopsys, Inc. and ANSYS, Inc.           *
 * All rights reserved.                                        *
 * Unauthorized use, distribution or duplication is            *
 * prohibited.                                                 *
 *                                                             *
 * Ansys is a registered trademark of Ansys, Inc. or its       *
 * subsidiaries in the United States or other countries.       *
 * See the Ansys, Inc. online documentation or the Ansys, Inc. *
 * documentation CD or online help for the complete Legal      *
 * Notice.                                                     *
 *                                                             *
 ***************************************************************
 *                                                             *
 * THIS ANSYS SOFTWARE PRODUCT AND PROGRAM DOCUMENTATION       *
 * INCLUDE TRADE SECRETS AND CONFIDENTIAL AND PROPRIETARY      *
 * PRODUCTS OF ANSYS, INC., ITS SUBSIDIARIES, OR LICENSORS.    *
 * The software products and documentation are furnished by    *
 * Ansys, Inc. or its subsidiaries under a software license    *
 * agreement that contains provisions concerning               *
 * non-disclosure, copying, length and nature of use,          *
 * compliance with exporting laws, warranties, disclaimers,    *
 * limitations of liability, and remedies, and other           *
 * provisions.  The software products and documentation may be *
 * used, disclosed, transferred, or copied only in accordance  *
 * with the terms and conditions of that software license      *
 * agreement.                                                  *
 *                                                             *
 * Ansys, Inc. is a UL registered                              *
 * ISO 9001:2015 company.                                      *
 *                                                             *
 ***************************************************************
 *                                                             *
 * This product is subject to U.S. laws governing export and   *
 * re-export.                                                  *
 *                                                             *
 * For U.S. Government users, except as specifically granted   *
 * by the Ansys, Inc. software license agreement, the use,     *
 * duplication, or disclosure by the United States Government  *
 * is subject to restrictions stated in the Ansys, Inc.        *
 * software license agreement and FAR 12.212 (for non-DOD      *
 * licenses).                                                  *
 *                                                             *
 ***************************************************************

 2026 R1 
     
 Point Releases and Patches installed:   
     
 Ansys, Inc. License Manager 2026 R1 
 Discovery (full install) 2026 R1
 Core WB Files 2026 R1   
 optiSLang Core UI 2026 R1   
 CFX (includes CFD-Post) 2026 R1 
 Chemkin 2026 R1 
 EnSight 2026 R1 
 FENSAP-ICE 2026 R1  
 Fluent (includes CFD-Post) 2026 R1  
 Polyflow (includes CFD-Post) 2026 R1
 Forte (includes EnSight) 2026 R1
 Rocky 2026 R1   
 TurboGrid 2026 R1   
 ACIS Geometry Interface 2026 R1 
 AutoCAD Geometry Interface 2026 R1  
 Catia, Version 4 Geometry Interface 2026 R1 
 Catia, Version 5 Geometry Interface 2026 R1 
 Catia, Version 6 Geometry Interface 2026 R1 
 Creo Elements/Direct Modeling Geometry Interface 2026 R1
 Creo Parametric Geometry Interface 2026 R1  
 Inventor Geometry Interface 2026 R1 
 JTOpen Geometry Interface 2026 R1   
 NX Geometry Interface 2026 R1   
 Parasolid Geometry Interface  2026 R1   
 Solid Edge Geometry Interface 2026 R1   
 SOLIDWORKS Geometry Interface 2026 R1   
 Speos 2026 R1   
 SpaceClaim 2026 R1  
 Speos RPC 2026 R1   
 Zemax OpticStudio 2026 R1   
 Dynamic Reporting 2026 R1   
 Aqwa 2026 R1
 Autodyn 2026 R1 
 Material Calibration App 2026 R1
 Mechanical Products 2026 R1 
 Motion 2026 R1  
 Academic Student 2026 R1


          *****  MAPDL COMMAND LINE ARGUMENTS  *****
  BATCH MODE REQUESTED (-b)    = NOLIST
  INPUT FILE COPY MODE (-c)    = COPY
  DISTRIBUTED MEMORY PARALLEL REQUESTED
       4 PARALLEL PROCESSES REQUESTED WITH SINGLE THREAD PER PROCESS
    TOTAL OF     4 CORES REQUESTED
  INPUT FILE NAME              = C:\Users\aparr\Documents\ansys-digital-twin\_ProjectScratch\ScrDA53\dummy.dat
  OUTPUT FILE NAME             = C:\Users\aparr\Documents\ansys-digital-twin\_ProjectScratch\ScrDA53\post.out
  START-UP FILE MODE           = NOREAD
  STOP FILE MODE               = NOREAD

 RELEASE= 2026 R1              BUILD= 26.1      UP20260202   VERSION=WINDOWS x64 
 CURRENT JOBNAME=file0  15:01:37  SEP 12, 2026  Elapsed Time=       0.172


 PARAMETER _DS_PROGRESS =     999.0000000    

 /INPUT FILE= post.dat  LINE=       0



 *** NOTE ***                            ELAPSED TIME =       5.482   TIME= 15:01:37
 The /CONFIG,NOELDB command is not valid in a distributed memory         
 parallel solution.  Command is ignored.                                 

 *GET  _WALLSTRT  FROM  ACTI  ITEM=TIME WALL  VALUE= 0.152863094E-02

 SET PARAMETER DIMENSIONS ON  _WB_PROJECTSCRATCH_DIR
  TYPE=STRI  DIMENSIONS=      248        1        1

 PARAMETER _WB_PROJECTSCRATCH_DIR(1) = C:\Users\aparr\Documents\ansys-digital-twin\_ProjectScratch\ScrDA53\

 SET PARAMETER DIMENSIONS ON  _WB_SOLVERFILES_DIR
  TYPE=STRI  DIMENSIONS=      248        1        1

 PARAMETER _WB_SOLVERFILES_DIR(1) = C:\Users\aparr\Documents\ansys-digital-twin\AGARD_445_6_files\dp0\SYS\MECH\

 SET PARAMETER DIMENSIONS ON  _WB_USERFILES_DIR
  TYPE=STRI  DIMENSIONS=      248        1        1

 PARAMETER _WB_USERFILES_DIR(1) = C:\Users\aparr\Documents\ansys-digital-twin\AGARD_445_6_files\user_files\

 PARAMETER _WB_POST_RUN =     1.000000000    

 *** MAPDL - ENGINEERING ANALYSIS SYSTEM  RELEASE 2026 R1          26.1     ***
 Ansys Mechanical Enterprise Academic Student      
 01055371  VERSION=WINDOWS x64   15:01:37  SEP 12, 2026 Elapsed Time=      5.523

                                                                               



          ***** MAPDL RESULTS INTERPRETATION (POST1) *****

 *** NOTE ***                            ELAPSED TIME =       5.527   TIME= 15:01:37
 Reading results into the database (SET command) will update the current 
 displacement and force boundary conditions in the database with the     
 values from the results file for that load set.  Note that any          
 subsequent solutions will use these values unless action is taken to    
 either SAVE the current values or not overwrite them (/EXIT,NOSAVE).    
 You have already entered the general postprocessor (POST1).             

 OPENED FILE= modal_data.csv FOR COMMAND FILE DATA 


 *GET  NUM_MODES  FROM  ACTI  ITEM=SET  NSET  VALUE=  20.0000000    

 *DO LOOP ON PARAMETER= I FROM  1.0000     TO  20.000     BY  1.0000    


 USE LOAD STEP     1  SUBSTEP     1  FOR LOAD CASE 0 

  *****  geometry obtained from result file  *****

 title(1)=AGARD_445_6--Modal (A5)                                             
 title(2)=                                                                    
 Maximum Element Type     =           1
 Maximum Real Constant Set=           0
 Maximum Coordinate System=           0
 Maximum Node Number      =          93
 Maximum Element Number   =          75
 Maximum Material Number  =           1
 Maximum Section Type     =           1
 Number of Components     =           5

 SET COMMAND GOT LOAD STEP=     1  SUBSTEP=     1  CUMULATIVE ITERATION=     1
   TIME/FREQUENCY=  11.082    
 TITLE= AGARD_445_6--Modal (A5)                                                 

 *GET  FREQ      FROM  ACTI  ITEM=SET  FREQ  VALUE=  11.0823736    

 SELECT      COMPONENT FORCE_INPUT                                                                                                                                                                                                                                                     

 *GET  NODE_IN   FROM  NODE  ITEM=NUM  MIN   VALUE=  81.0000000     

 *GET  UZ_IN     FROM  NODE     81  ITEM=U    Z     VALUE= 0.595677653    

 SELECT      COMPONENT SENSOR_1                                                                                                                                                                                                                                                        

 *GET  NODE_S1   FROM  NODE  ITEM=NUM  MIN   VALUE=  76.0000000     

 *GET  UZ_S1     FROM  NODE     76  ITEM=U    Z     VALUE=-0.144201712E-03

 SELECT      COMPONENT SENSOR_2                                                                                                                                                                                                                                                        

 *GET  NODE_S2   FROM  NODE  ITEM=NUM  MIN   VALUE=  13.0000000     

 *GET  UZ_S2     FROM  NODE     13  ITEM=U    Z     VALUE= 0.388952150E-02

 SELECT      COMPONENT SENSOR_3                                                                                                                                                                                                                                                        

 *GET  NODE_S3   FROM  NODE  ITEM=NUM  MIN   VALUE=  82.0000000     

 *GET  UZ_S3     FROM  NODE     82  ITEM=U    Z     VALUE= 0.110268436E-01

 SELECT ALL ENTITIES OF TYPE= ALL  AND BELOW

 *ENDDO  INDEX= I                               

  COMMAND FILE CLOSED 


 Set Encoding of XML File to:ISO-8859-1

 Set Output of XML File to:
     PARM,     ,     ,     ,     ,     ,     ,     ,     ,     ,     ,     ,
         ,     ,     ,     ,     ,     ,     ,

 DATABASE WRITTEN ON FILE  parm.xml                                                                                                                                                                                                                                                            

 EXIT THE MAPDL POST1 DATABASE PROCESSOR


 ***** ROUTINE COMPLETED *****  ELAPSED TIME =         5.650



 PRINTOUT RESUMED BY /GOP

 *GET  _WALLDONE  FROM  ACTI  ITEM=TIME WALL  VALUE= 0.156954903E-02

 PARAMETER _TOTALTIM =    0.1473051000    

 *GET  _DLBRATIO  FROM  ACTI  ITEM=SOLU DLBR  VALUE=  0.00000000    

 *GET  _COMBTIME  FROM  ACTI  ITEM=SOLU COMB  VALUE=  0.00000000    

 *GET  _SSMODE   FROM  ACTI  ITEM=SOLU SSMM  VALUE=  0.00000000    

 *GET  _NDOFS    FROM  ACTI  ITEM=SOLU NDOF  VALUE=  0.00000000    

 /FCLEAN COMMAND REMOVING ALL LOCAL FILES
 --- Total number of nodes = %_numnode%
 --- Total number of elements = %_numelem%
 --- Element load balance ratio = 0
 --- Time to combine distributed files = 0
 --- Sparse memory mode = 0
 --- Number of DOF = 0

 EXIT MAPDL WITHOUT SAVING DATABASE


 NUMBER OF WARNING MESSAGES ENCOUNTERED=          0
 NUMBER OF ERROR   MESSAGES ENCOUNTERED=          0

+--------------------- M A P D L   S T A T I S T I C S ------------------------+

Release: 2026 R1            Build: 26.1       Update: UP20260202   Platform: WINDOWS x64 
Date Run: 09/12/2026   Time: 15:01     Process ID: 13476
Operating System: Windows 11  (Build: 26200)

Processor Model: AMD Ryzen 5 7520U with Radeon Graphics

Compiler: Intel(R) Fortran Compiler Classic Version 2021.9  (Build: 20230302)
          Intel(R) C/C++ Compiler Classic Version 2021.9  (Build: 20230302)
          AOCL-BLAS 5.1.1 Build 20251008
          Intel(R) oneAPI Math Kernel Library Version 2024.2.3-Product Build 20250403

Number of machines requested            :    1
Total number of cores available         :    8
Number of physical cores available      :    4
Number of processes requested           :    4
Number of threads per process requested :    1
Total number of cores requested         :    4 (Distributed Memory Parallel)               
MPI Type: INTELMPI
MPI Version: Intel(R) MPI Library 2021.16 for Windows* OS


GPU Acceleration: Not Requested

Job Name: file0
Input File: dummy.dat

  Core                Machine Name   Working Directory
 -----------------------------------------------------
     0                       Santi   C:\Users\aparr\Documents\ansys-digital-twin\_ProjectScratch\ScrDA53
     1                       Santi   C:\Users\aparr\Documents\ansys-digital-twin\_ProjectScratch\ScrDA53
     2                       Santi   C:\Users\aparr\Documents\ansys-digital-twin\_ProjectScratch\ScrDA53
     3                       Santi   C:\Users\aparr\Documents\ansys-digital-twin\_ProjectScratch\ScrDA53
 
Latency time from master to core     1 =    3.994 microseconds
Latency time from master to core     2 =    3.918 microseconds
Latency time from master to core     3 =    3.931 microseconds
 
Communication speed from master to core     1 =  2463.08 MB/sec
Communication speed from master to core     2 =  2838.33 MB/sec
Communication speed from master to core     3 =  2696.69 MB/sec

Total CPU time for main thread                    :        0.9 seconds
Total CPU time summed for all threads             :        1.3 seconds

Elapsed time spent obtaining a license            :        0.5 seconds
Elapsed time spent pre-processing model (/PREP7)  :        0.0 seconds
Elapsed time spent solution - preprocessing       :        0.0 seconds
Elapsed time spent computing solution             :        0.0 seconds
   Elapsed time in element formation & assembly   :        0.0 seconds
   Elapsed time in equation solver                :        0.0 seconds
   Elapsed time in element result calculations    :        0.0 seconds
Elapsed time spent solution - postprocessing      :        0.0 seconds
Elapsed time spent post-processing model (/POST1) :        0.1 seconds
 

Sum of disk space used on all processes           :        0.0 MB

Sum of memory used on all processes               :       38.0 MB
Sum of memory allocated on all processes          :     2880.0 MB
Physical memory available                         :          7 GB
Total amount of I/O written to disk               :        0.0 GB
Total amount of I/O read from disk                :        0.0 GB

+------------------ E N D   M A P D L   S T A T I S T I C S -------------------+


 *-----------------------------------------------------------------------------*
 |                                                                             |
 |                               RUN COMPLETED                                 |
 |                                                                             |
 |-----------------------------------------------------------------------------|
 |                                                                             |
 |  Ansys MAPDL 2026 R1         Build 26.1         UP20260202    WINDOWS x64   |
 |                                                                             |
 |-----------------------------------------------------------------------------|
 |                                                                             |
 |  Database Requested(-db)     1024 MB     Scratch Memory Requested   1024 MB |
 |  Max Database Used(Master)      1 MB     Max Scratch Used(Master)     13 MB |
 |  Max Database Used(Workers)     1 MB     Max Scratch Used(Workers)     7 MB |
 |  Sum Database Used(All)         4 MB     Sum Scratch Used(All)        34 MB |
 |                                                                             |
 |-----------------------------------------------------------------------------|
 |                                                                             |
 |        CP Time      (sec) =          1.281       Time  =  15:01:49          |
 |        Elapsed Time (sec) =         16.941       Date  =  09/12/2026        |
 |                                                                             |
 *-----------------------------------------------------------------------------*
